// Jest Snapshot v1, https://goo.gl/fbAQLP

exports[`getData Тест синтетического resolve 1`] = `
[
  "1",
  "2",
  "3",
]
`;
